// Jest Snapshot v1, https://goo.gl/fbAQLP

exports[`RbacUsersTable component Should render correctly 1`] = `
<TablePfProvider
  bordered={true}
  className="generic-preview-table"
  columns={
    Array [
      Object {
        "cell": Object {
          "formatters": Array [
            [Function],
          ],
        },
        "header": Object {
          "formatters": Array [
            [Function],
          ],
          "label": "",
        },
        "propery": "select",
      },
      Object {
        "cell": Object {
          "formatters": Array [
            [Function],
          ],
        },
        "header": Object {
          "formatters": Array [
            [Function],
          ],
          "label": "",
        },
        "propery": "icon",
      },
      Object {
        "cell": Object {
          "formatters": Array [
            [Function],
          ],
        },
        "header": Object {
          "formatters": Array [
            [Function],
          ],
          "label": "Full Name",
        },
        "property": "fullname",
      },
      Object {
        "cell": Object {
          "formatters": Array [
            [Function],
          ],
        },
        "header": Object {
          "formatters": Array [
            [Function],
          ],
          "label": "Username",
        },
        "property": "username",
      },
      Object {
        "cell": Object {
          "formatters": Array [
            [Function],
          ],
        },
        "header": Object {
          "formatters": Array [
            [Function],
          ],
          "label": "E-mail",
        },
        "property": "email",
      },
      Object {
        "cell": Object {
          "formatters": Array [
            [Function],
          ],
        },
        "header": Object {
          "formatters": Array [
            [Function],
          ],
          "label": "Current Group",
        },
        "property": "currentgroup",
      },
      Object {
        "cell": Object {
          "formatters": Array [
            [Function],
          ],
        },
        "header": Object {
          "formatters": Array [
            [Function],
          ],
          "label": "Role",
        },
        "property": "role",
      },
      Object {
        "cell": Object {
          "formatters": Array [
            [Function],
          ],
        },
        "header": Object {
          "formatters": Array [
            [Function],
          ],
          "label": "Last Logon",
        },
        "property": "lastlogon",
      },
      Object {
        "cell": Object {
          "formatters": Array [
            [Function],
          ],
        },
        "header": Object {
          "formatters": Array [
            [Function],
          ],
          "label": "Last Logoff",
        },
        "property": "lastlogoff",
      },
    ]
  }
  components={Object {}}
  condensed={false}
  dataTable={true}
  hover={true}
  inlineEdit={false}
  striped={true}
>
  <Header />
  <Body
    onRow={[Function]}
    rowKey="id"
    rows={
      Array [
        Object {
          "currentgroup": "Some group",
          "email": "email@neco.com",
          "fullname": "Adam the first",
          "id": 100,
          "lastlogoff": "06/30/18 06:58:14 UTC",
          "lastlogon": "06/25/18 06:58:14 UTC",
          "role": "Admin role",
          "username": "Admin",
        },
        Object {
          "currentgroup": "Mediocre group",
          "email": "email@jandak.com",
          "fullname": "Marge the middle",
          "id": 101,
          "lastlogoff": "06/30/18 06:58:14 UTC",
          "lastlogon": "01/25/18 06:58:14 UTC",
          "role": "Shot role",
          "username": "La transparenza della qualita",
        },
        Object {
          "currentgroup": "Super group",
          "email": "email@jandak.com",
          "fullname": "Zlatko the last",
          "id": 102,
          "lastlogoff": "010/30/18 06:58:14 UTC",
          "lastlogon": "08/25/18 06:58:14 UTC",
          "role": "Shot role",
          "username": "Peligro",
        },
      ]
    }
  />
</TablePfProvider>
`;
