// Jest Snapshot v1, https://goo.gl/fbAQLP

exports[`GenericGroup renders just fine 1`] = `
<table
  className="table table-bordered table-hover table-striped table-summary-screen"
>
  <thead>
    <tr>
      <th
        align="left"
        colSpan="2"
      >
        Foo Bar
      </th>
    </tr>
  </thead>
  <tbody>
    <GenericTableRow
      item={
        Object {
          "hoverClass": "bar",
          "label": "foo",
          "value": "bar",
        }
      }
      key="0"
      onClick={[Function]}
    />
    <GenericTableRow
      item={
        Object {
          "hoverClass": "bar",
          "label": "mrkef?",
          "value": "v zime!",
        }
      }
      key="1"
      onClick={[Function]}
    />
  </tbody>
</table>
`;
