// Jest Snapshot v1, https://goo.gl/fbAQLP

exports[`Icon or Image renders icon with title and alt if icon and no image are passed in 1`] = `
<i
  className="fa fa-foobar"
  title="foo bar title"
/>
`;

exports[`Icon or Image renders image with title and alt if image is passed in 1`] = `
<img
  alt="foo bar title"
  src="foo/bar.png"
  title="foo bar title"
/>
`;

exports[`Icon or Image renders nothing if no icon and no image are passed in 1`] = `""`;
