// Jest Snapshot v1, https://goo.gl/fbAQLP

exports[`MultilinkTable renders just fine 1`] = `
<table
  className="table table-bordered table-striped table-summary-screen"
>
  <thead>
    <tr>
      <th
        colSpan="100"
      >
        Some OpenStack Stuff
      </th>
    </tr>
  </thead>
  <tbody>
    <tr
      className="no-hover"
      key="0"
    >
      <td
        className="hover"
      >
        <IconOrImage
          icon={null}
          image={null}
          title={null}
        />
        Aodh
      </td>
      <td
        className="hover"
        key="0"
        onClick={[Function]}
        style={
          Object {
            "cursor": "pointer, hand",
          }
        }
        title="Show list of running Aodh"
      >
        <IconOrImage
          icon="pficon pficon-ok"
          image={null}
          title="Show list of running Aodh"
        />
        Running (3)
      </td>
      <td
        key="1"
        title="Show list of failed Aodh"
      >
        <IconOrImage
          icon={null}
          image={null}
          title="Show list of failed Aodh"
        />
        Failed (0)
      </td>
      <td
        className="hover"
        key="2"
        onClick={[Function]}
        style={
          Object {
            "cursor": "pointer, hand",
          }
        }
        title="Show list of all Aodh"
      >
        <IconOrImage
          icon="pficon pficon-service"
          image={null}
          title="Show list of all Aodh"
        />
        All (3)
      </td>
      <td
        key="3"
        title="Show list of configuration files of Aodh"
      >
        <IconOrImage
          icon="fa fa-file-o"
          image={null}
          title="Show list of configuration files of Aodh"
        />
        Configuration (0)
      </td>
    </tr>
    <tr
      className="no-hover"
      key="1"
    >
      <td
        className="hover"
      >
        <IconOrImage
          icon={null}
          image={null}
          title={null}
        />
        Ceilometer
      </td>
      <td
        className="hover"
        key="0"
        onClick={[Function]}
        style={
          Object {
            "cursor": "pointer, hand",
          }
        }
        title="Show list of running Ceilometer"
      >
        <IconOrImage
          icon="pficon pficon-ok"
          image={null}
          title="Show list of running Ceilometer"
        />
        Running (3)
      </td>
      <td
        key="1"
        title="Show list of failed Ceilometer"
      >
        <IconOrImage
          icon={null}
          image={null}
          title="Show list of failed Ceilometer"
        />
        Failed (0)
      </td>
      <td
        className="hover"
        key="2"
        onClick={[Function]}
        style={
          Object {
            "cursor": "pointer, hand",
          }
        }
        title="Show list of all Ceilometer"
      >
        <IconOrImage
          icon="pficon pficon-service"
          image={null}
          title="Show list of all Ceilometer"
        />
        All (3)
      </td>
      <td
        key="3"
        title="Show list of configuration files of Ceilometer"
      >
        <IconOrImage
          icon="fa fa-file-o"
          image={null}
          title="Show list of configuration files of Ceilometer"
        />
        Configuration (0)
      </td>
    </tr>
    <tr
      className="no-hover"
      key="2"
    >
      <td
        className="hover"
      >
        <IconOrImage
          icon={null}
          image={null}
          title={null}
        />
        Cinder
      </td>
      <td
        className="hover"
        key="0"
        onClick={[Function]}
        style={
          Object {
            "cursor": "pointer, hand",
          }
        }
        title="Show list of running Cinder"
      >
        <IconOrImage
          icon="pficon pficon-ok"
          image={null}
          title="Show list of running Cinder"
        />
        Running (3)
      </td>
      <td
        key="1"
        title="Show list of failed Cinder"
      >
        <IconOrImage
          icon={null}
          image={null}
          title="Show list of failed Cinder"
        />
        Failed (0)
      </td>
      <td
        className="hover"
        key="2"
        onClick={[Function]}
        style={
          Object {
            "cursor": "pointer, hand",
          }
        }
        title="Show list of all Cinder"
      >
        <IconOrImage
          icon="pficon pficon-service"
          image={null}
          title="Show list of all Cinder"
        />
        All (3)
      </td>
      <td
        key="3"
        title="Show list of configuration files of Cinder"
      >
        <IconOrImage
          icon="fa fa-file-o"
          image={null}
          title="Show list of configuration files of Cinder"
        />
        Configuration (0)
      </td>
    </tr>
    <tr
      className="no-hover"
      key="3"
    >
      <td
        className="hover"
      >
        <IconOrImage
          icon={null}
          image={null}
          title={null}
        />
        Glance
      </td>
      <td
        className="hover"
        key="0"
        onClick={[Function]}
        style={
          Object {
            "cursor": "pointer, hand",
          }
        }
        title="Show list of running Glance"
      >
        <IconOrImage
          icon="pficon pficon-ok"
          image={null}
          title="Show list of running Glance"
        />
        Running (2)
      </td>
      <td
        key="1"
        title="Show list of failed Glance"
      >
        <IconOrImage
          icon={null}
          image={null}
          title="Show list of failed Glance"
        />
        Failed (0)
      </td>
      <td
        className="hover"
        key="2"
        onClick={[Function]}
        style={
          Object {
            "cursor": "pointer, hand",
          }
        }
        title="Show list of all Glance"
      >
        <IconOrImage
          icon="pficon pficon-service"
          image={null}
          title="Show list of all Glance"
        />
        All (2)
      </td>
      <td
        key="3"
        title="Show list of configuration files of Glance"
      >
        <IconOrImage
          icon="fa fa-file-o"
          image={null}
          title="Show list of configuration files of Glance"
        />
        Configuration (0)
      </td>
    </tr>
    <tr
      className="no-hover"
      key="4"
    >
      <td
        className="hover"
      >
        <IconOrImage
          icon={null}
          image={null}
          title={null}
        />
        Gnocchi
      </td>
      <td
        className="hover"
        key="0"
        onClick={[Function]}
        style={
          Object {
            "cursor": "pointer, hand",
          }
        }
        title="Show list of running Gnocchi"
      >
        <IconOrImage
          icon="pficon pficon-ok"
          image={null}
          title="Show list of running Gnocchi"
        />
        Running (2)
      </td>
      <td
        key="1"
        title="Show list of failed Gnocchi"
      >
        <IconOrImage
          icon={null}
          image={null}
          title="Show list of failed Gnocchi"
        />
        Failed (0)
      </td>
      <td
        className="hover"
        key="2"
        onClick={[Function]}
        style={
          Object {
            "cursor": "pointer, hand",
          }
        }
        title="Show list of all Gnocchi"
      >
        <IconOrImage
          icon="pficon pficon-service"
          image={null}
          title="Show list of all Gnocchi"
        />
        All (2)
      </td>
      <td
        key="3"
        title="Show list of configuration files of Gnocchi"
      >
        <IconOrImage
          icon="fa fa-file-o"
          image={null}
          title="Show list of configuration files of Gnocchi"
        />
        Configuration (0)
      </td>
    </tr>
    <tr
      className="no-hover"
      key="5"
    >
      <td
        className="hover"
      >
        <IconOrImage
          icon={null}
          image={null}
          title={null}
        />
        Heat
      </td>
      <td
        className="hover"
        key="0"
        onClick={[Function]}
        style={
          Object {
            "cursor": "pointer, hand",
          }
        }
        title="Show list of running Heat"
      >
        <IconOrImage
          icon="pficon pficon-ok"
          image={null}
          title="Show list of running Heat"
        />
        Running (4)
      </td>
      <td
        key="1"
        title="Show list of failed Heat"
      >
        <IconOrImage
          icon={null}
          image={null}
          title="Show list of failed Heat"
        />
        Failed (0)
      </td>
      <td
        className="hover"
        key="2"
        onClick={[Function]}
        style={
          Object {
            "cursor": "pointer, hand",
          }
        }
        title="Show list of all Heat"
      >
        <IconOrImage
          icon="pficon pficon-service"
          image={null}
          title="Show list of all Heat"
        />
        All (4)
      </td>
      <td
        key="3"
        title="Show list of configuration files of Heat"
      >
        <IconOrImage
          icon="fa fa-file-o"
          image={null}
          title="Show list of configuration files of Heat"
        />
        Configuration (0)
      </td>
    </tr>
    <tr
      className="no-hover"
      key="6"
    >
      <td
        className="hover"
      >
        <IconOrImage
          icon={null}
          image={null}
          title={null}
        />
        Keystone
      </td>
      <td
        key="0"
        title="Show list of running Keystone"
      >
        <IconOrImage
          icon={null}
          image={null}
          title="Show list of running Keystone"
        />
        Running (0)
      </td>
      <td
        key="1"
        title="Show list of failed Keystone"
      >
        <IconOrImage
          icon={null}
          image={null}
          title="Show list of failed Keystone"
        />
        Failed (0)
      </td>
      <td
        className="hover"
        key="2"
        onClick={[Function]}
        style={
          Object {
            "cursor": "pointer, hand",
          }
        }
        title="Show list of all Keystone"
      >
        <IconOrImage
          icon="pficon pficon-service"
          image={null}
          title="Show list of all Keystone"
        />
        All (1)
      </td>
      <td
        key="3"
        title="Show list of configuration files of Keystone"
      >
        <IconOrImage
          icon="fa fa-file-o"
          image={null}
          title="Show list of configuration files of Keystone"
        />
        Configuration (0)
      </td>
    </tr>
    <tr
      className="no-hover"
      key="7"
    >
      <td
        className="hover"
      >
        <IconOrImage
          icon={null}
          image={null}
          title={null}
        />
        Nova
      </td>
      <td
        className="hover"
        key="0"
        onClick={[Function]}
        style={
          Object {
            "cursor": "pointer, hand",
          }
        }
        title="Show list of running Nova"
      >
        <IconOrImage
          icon="pficon pficon-ok"
          image={null}
          title="Show list of running Nova"
        />
        Running (5)
      </td>
      <td
        key="1"
        title="Show list of failed Nova"
      >
        <IconOrImage
          icon={null}
          image={null}
          title="Show list of failed Nova"
        />
        Failed (0)
      </td>
      <td
        className="hover"
        key="2"
        onClick={[Function]}
        style={
          Object {
            "cursor": "pointer, hand",
          }
        }
        title="Show list of all Nova"
      >
        <IconOrImage
          icon="pficon pficon-service"
          image={null}
          title="Show list of all Nova"
        />
        All (10)
      </td>
      <td
        key="3"
        title="Show list of configuration files of Nova"
      >
        <IconOrImage
          icon="fa fa-file-o"
          image={null}
          title="Show list of configuration files of Nova"
        />
        Configuration (0)
      </td>
    </tr>
    <tr
      className="no-hover"
      key="8"
    >
      <td
        className="hover"
      >
        <IconOrImage
          icon={null}
          image={null}
          title={null}
        />
        Swift
      </td>
      <td
        className="hover"
        key="0"
        onClick={[Function]}
        style={
          Object {
            "cursor": "pointer, hand",
          }
        }
        title="Show list of running Swift"
      >
        <IconOrImage
          icon="pficon pficon-ok"
          image={null}
          title="Show list of running Swift"
        />
        Running (14)
      </td>
      <td
        key="1"
        title="Show list of failed Swift"
      >
        <IconOrImage
          icon={null}
          image={null}
          title="Show list of failed Swift"
        />
        Failed (0)
      </td>
      <td
        className="hover"
        key="2"
        onClick={[Function]}
        style={
          Object {
            "cursor": "pointer, hand",
          }
        }
        title="Show list of all Swift"
      >
        <IconOrImage
          icon="pficon pficon-service"
          image={null}
          title="Show list of all Swift"
        />
        All (14)
      </td>
      <td
        key="3"
        title="Show list of configuration files of Swift"
      >
        <IconOrImage
          icon="fa fa-file-o"
          image={null}
          title="Show list of configuration files of Swift"
        />
        Configuration (0)
      </td>
    </tr>
  </tbody>
</table>
`;
