// Jest Snapshot v1, https://goo.gl/fbAQLP

exports[`Operation Ranges renders just fine... 1`] = `
<table
  className="table table-bordered table-striped table-summary-screen"
>
  <thead>
    <tr>
      <th
        align="left"
        colSpan="3"
      >
        Operation Ranges
      </th>
    </tr>
  </thead>
  <tbody>
    <tr>
      <td
        rowSpan={5}
      >
        CPU
      </td>
      <th>
         
      </th>
      <th>
         
      </th>
    </tr>
    <tr
      key="0"
    >
      <td>
        Max
      </td>
      <td>
        Not Available
      </td>
    </tr>
    <tr
      key="1"
    >
      <td>
        High
      </td>
      <td>
        0 MHz
      </td>
    </tr>
    <tr
      key="2"
    >
      <td>
        Average
      </td>
      <td>
        0 MHz
      </td>
    </tr>
    <tr
      key="3"
    >
      <td>
        Low
      </td>
      <td>
        0 MHz
      </td>
    </tr>
    <tr>
      <td
        rowSpan={5}
      >
        CPU Usage
      </td>
      <th>
         
      </th>
      <th>
         
      </th>
    </tr>
    <tr
      key="0"
    >
      <td>
        Max
      </td>
      <td>
        Not Available
      </td>
    </tr>
    <tr
      key="1"
    >
      <td>
        High
      </td>
      <td>
        0.00%
      </td>
    </tr>
    <tr
      key="2"
    >
      <td>
        Average
      </td>
      <td>
        0.00%
      </td>
    </tr>
    <tr
      key="3"
    >
      <td>
        Low
      </td>
      <td>
        0.00%
      </td>
    </tr>
  </tbody>
</table>
`;
