// Jest Snapshot v1, https://goo.gl/fbAQLP

exports[`Simple Table renders just fine... 1`] = `
<SimpleTable
  labels={
    Array [
      "Network Protocol",
      "Host Protocol",
      "Direction",
      "Port",
      "End Port",
      "Source",
    ]
  }
  rows={
    Array [
      Array [
        null,
        "-1",
        "outbound",
        0,
        0,
        "0.0.0.0/0",
      ],
      Array [
        null,
        "TCP",
        "inbound",
        22,
        22,
        "0.0.0.0/0",
      ],
      Array [
        null,
        "TCP",
        "inbound",
        80,
        80,
        "0.0.0.0/0",
      ],
    ]
  }
  title="Firewall Rules"
>
  <table
    className="table table-bordered table-striped table-summary-screen"
  >
    <thead>
      <tr>
        <th
          align="left"
          colSpan={6}
        >
          Firewall Rules
        </th>
      </tr>
      <tr>
        <td
          key="0"
        >
          <strong>
            Network Protocol
          </strong>
        </td>
        <td
          key="1"
        >
          <strong>
            Host Protocol
          </strong>
        </td>
        <td
          key="2"
        >
          <strong>
            Direction
          </strong>
        </td>
        <td
          key="3"
        >
          <strong>
            Port
          </strong>
        </td>
        <td
          key="4"
        >
          <strong>
            End Port
          </strong>
        </td>
        <td
          key="5"
        >
          <strong>
            Source
          </strong>
        </td>
      </tr>
    </thead>
    <tbody>
      <tr
        key="0"
      >
        <td
          key="0"
        />
        <td
          key="1"
        >
          -1
        </td>
        <td
          key="2"
        >
          outbound
        </td>
        <td
          key="3"
        >
          0
        </td>
        <td
          key="4"
        >
          0
        </td>
        <td
          key="5"
        >
          0.0.0.0/0
        </td>
      </tr>
      <tr
        key="1"
      >
        <td
          key="0"
        />
        <td
          key="1"
        >
          TCP
        </td>
        <td
          key="2"
        >
          inbound
        </td>
        <td
          key="3"
        >
          22
        </td>
        <td
          key="4"
        >
          22
        </td>
        <td
          key="5"
        >
          0.0.0.0/0
        </td>
      </tr>
      <tr
        key="2"
      >
        <td
          key="0"
        />
        <td
          key="1"
        >
          TCP
        </td>
        <td
          key="2"
        >
          inbound
        </td>
        <td
          key="3"
        >
          80
        </td>
        <td
          key="4"
        >
          80
        </td>
        <td
          key="5"
        >
          0.0.0.0/0
        </td>
      </tr>
    </tbody>
  </table>
</SimpleTable>
`;
