// Jest Snapshot v1, https://goo.gl/fbAQLP

exports[`TableListView renders just fine... 1`] = `
<table
  className="table table-bordered table-hover table-striped table-summary-screen"
>
  <thead>
    <tr>
      <th
        align="left"
        colSpan={2}
      >
        Tables with the Most Rows
      </th>
    </tr>
    <tr>
      <th
        key="0"
      >
        Name
      </th>
      <th
        key="1"
      >
        Rows
      </th>
    </tr>
  </thead>
  <tbody>
    <tr
      key="0"
      onClick={[Function]}
    >
      <td
        key="0"
        title="View the table"
      >
        vim_performance_states
      </td>
      <td
        key="1"
        title="View the table"
      >
        676,150
      </td>
    </tr>
    <tr
      key="1"
      onClick={[Function]}
    >
      <td
        key="0"
        title="View the table"
      >
        miq_report_result_details
      </td>
      <td
        key="1"
        title="View the table"
      >
        280,848
      </td>
    </tr>
  </tbody>
</table>
`;
