// Jest Snapshot v1, https://goo.gl/fbAQLP

exports[`TextualSummary renders just fine 1`] = `
<div
  className="row"
>
  <TextualRow
    groups={
      Array [
        Object {
          "component": "GenericGroup",
          "items": Array [
            Object {
              "hoverClass": "no-hover",
              "label": "Region",
              "value": "US East (N. Virginia)",
            },
            Object {
              "hoverClass": "no-hover",
              "label": "Type",
              "value": "Amazon EC2 Network",
            },
            Object {
              "hoverClass": "no-hover",
              "label": "Management Engine GUID",
              "value": null,
            },
          ],
          "title": "Properties",
        },
        Object {
          "component": "GenericGroup",
          "items": Array [
            Object {
              "hoverClass": "no-hover",
              "label": "Default Credentials",
              "title": "Ok",
              "value": "Valid",
            },
            Object {
              "hoverClass": "no-hover",
              "label": "SmartState Docker Credentials",
              "title": "Ok",
              "value": "Valid",
            },
            Object {
              "hoverClass": "no-hover",
              "label": "Last Refresh",
              "title": null,
              "value": Array [
                Object {
                  "value": "Success - 4 Months Ago",
                },
                Object {
                  "value": null,
                },
              ],
            },
            Object {
              "hoverClass": "no-hover",
              "label": "Last Refresh Date",
              "value": "2018-01-20T23:35:50.908Z",
            },
          ],
          "title": "Status",
        },
      ]
    }
    key="0"
    onClick={[Function]}
  />
  <TextualRow
    groups={
      Array [
        Object {
          "component": "GenericGroup",
          "items": Array [
            Object {
              "hoverClass": "no-hover",
              "icon": "pficon pficon-cloud-tenant",
              "image": null,
              "label": "Cloud Tenants",
              "value": "0",
            },
            Object {
              "hoverClass": "",
              "icon": "ff ff-cloud-network",
              "image": null,
              "label": "Cloud Networks",
              "link": "/ems_network/39?display=cloud_networks",
              "title": "Show all Cloud Networks",
              "value": "1",
            },
            Object {
              "hoverClass": "",
              "icon": "pficon pficon-network",
              "image": null,
              "label": "Cloud Subnets",
              "link": "/ems_network/39?display=cloud_subnets",
              "title": "Show all Cloud Subnets",
              "value": "6",
            },
            Object {
              "hoverClass": "",
              "icon": "pficon pficon-route",
              "image": null,
              "label": "Network Routers",
              "link": "/ems_network/39?display=network_routers",
              "title": "Show all Network Routers",
              "value": "1",
            },
            Object {
              "hoverClass": "",
              "icon": "pficon pficon-cloud-security",
              "image": null,
              "label": "Security Groups",
              "link": "/ems_network/39?display=security_groups",
              "title": "Show all Security Groups",
              "value": "18",
            },
            Object {
              "hoverClass": "",
              "icon": "ff ff-floating-ip",
              "image": null,
              "label": "Floating IPs",
              "link": "/ems_network/39?display=floating_ips",
              "title": "Show all Floating IPs",
              "value": "14",
            },
            Object {
              "hoverClass": "",
              "icon": "ff ff-network-port",
              "image": null,
              "label": "Network Ports",
              "link": "/ems_network/39?display=network_ports",
              "title": "Show all Network Ports",
              "value": "26",
            },
            Object {
              "hoverClass": "",
              "icon": "ff ff-load-balancer",
              "image": null,
              "label": "Load Balancers",
              "link": "/ems_network/39?display=load_balancers",
              "title": "Show all Load Balancers",
              "value": "2",
            },
            Object {
              "background": "green",
              "hoverClass": "",
              "icon": "fa fa-play",
              "image": null,
              "label": "Power State",
              "value": "On",
            },
          ],
          "title": "Relationships",
        },
        Object {
          "component": "GenericGroup",
          "items": Array [
            Object {
              "hoverClass": "",
              "icon": "pficon pficon-topology",
              "label": "Topology",
              "link": "/network_topology/show/39",
              "title": "Show topology",
            },
          ],
          "title": "Overview",
        },
        Object {
          "component": "TagGroup",
          "items": Array [
            Object {
              "hoverClass": "no-hover",
              "icon": "pficon pficon-zone",
              "label": "Managed by Zone",
              "value": "Amazon Zone",
            },
            Object {
              "hoverClass": "no-hover",
              "icon": "fa fa-tag",
              "label": "My Company Tags",
              "value": "No My Company Tags have been assigned",
            },
          ],
          "title": "Smart Management",
        },
      ]
    }
    key="1"
    onClick={[Function]}
  />
</div>
`;
