// Jest Snapshot v1, https://goo.gl/fbAQLP

exports[`RbacUserPreview component Should render correctly 1`] = `
<div
  className="form-horizontal rbac-user-preview"
>
  <Grid
    bsClass="container"
    componentClass="div"
    fluid={true}
  >
    <PreviewRow
      label="Full Name"
    >
      <p
        className="form-control-static"
      >
        Administrator
      </p>
    </PreviewRow>
    <PreviewRow
      label="Username"
    >
      <p
        className="form-control-static"
      >
        Admin
      </p>
    </PreviewRow>
    <PreviewRow
      label="E-mail Address"
    >
      <p
        className="form-control-static"
      >
        mail@mail.com
      </p>
    </PreviewRow>
    <PreviewRow
      label="Current group"
    >
      <p
        className="form-control-static"
      >
        <Icon
          name="group"
          type="fa"
        />
        <a
          className="pointer"
          href="#"
          onClick={[Function]}
          style={
            Object {
              "marginLeft": 5,
            }
          }
        >
          EvmGroup-super_administrator
        </a>
      </p>
    </PreviewRow>
    <PreviewRow
      label="Groups"
    >
      <p
        className="form-control-static"
        key="1"
      >
        <Icon
          name="group"
          type="fa"
        />
        <a
          className="pointer"
          href="#"
          onClick={[Function]}
          style={
            Object {
              "marginLeft": 5,
            }
          }
        >
          Cloud-Operators
        </a>
      </p>
      <p
        className="form-control-static"
        key="2"
      >
        <Icon
          name="group"
          type="fa"
        />
        <a
          className="pointer"
          href="#"
          onClick={[Function]}
          style={
            Object {
              "marginLeft": 5,
            }
          }
        >
          Cloud-Users
        </a>
      </p>
    </PreviewRow>
    <PreviewRow
      label="Role"
    >
      <p
        className="form-control-static"
      >
        <Icon
          name="user"
          type="fa"
        />
        <a
          className="pointer"
          href="#"
          onClick={[Function]}
          style={
            Object {
              "marginLeft": 5,
            }
          }
        >
          Cloud-Users
        </a>
      </p>
    </PreviewRow>
  </Grid>
</div>
`;
