// Jest Snapshot v1, https://goo.gl/fbAQLP

exports[`Simple Table renders just fine... 1`] = `
<tr
  className=""
  onClick={[Function]}
  title="Show Network Manager 'Amazon East Network Manager'"
>
  <td
    className="label"
  >
    Network Manager
  </td>
  <td>
    <img
      alt="Show Network Manager 'Amazon East Network Manager'"
      src="http://localhost:3000/assets/svg/vendor-ec2_network-04c432db85be0fd670cd6da83b8685dab51e1b7a63258b70cccbdf8d7f72c988.svg"
      title="Show Network Manager 'Amazon East Network Manager'"
    />
    <span>
       
      Amazon East Network Manager
    </span>
  </td>
</tr>
`;
