// Jest Snapshot v1, https://goo.gl/fbAQLP

exports[`Final form input component Should render correctly 1`] = `
<ReactFinalForm
  initialValues={
    Object {
      "snap_memory": false,
    }
  }
  onSubmit={[MockFunction]}
  render={[Function]}
/>
`;

exports[`Final form input component Should render with description required 1`] = `
<ReactFinalForm
  initialValues={
    Object {
      "snap_memory": false,
    }
  }
  onSubmit={[MockFunction]}
  render={[Function]}
/>
`;

exports[`Final form input component Should render with name required 1`] = `
<ReactFinalForm
  initialValues={
    Object {
      "snap_memory": false,
    }
  }
  onSubmit={[MockFunction]}
  render={[Function]}
/>
`;
